[687444] [2026-08-13 04:24:49:870] torch_npu.memory: [ERROR] [687444] NPU out of memory. Tried to allocate 1.00 GiB (NPU 0; 60.96 GiB total capacity; 57.88 GiB already allocated; 57.88 GiB current active; 766.64 MiB free; 59.41 GiB reserved in total by PyTorch).If reserved memory is >> allocated memory try setting max_split_size_mb to avoid fragmentation.
[687444] [2026-08-13 04:26:14:482] torch_npu.memory: [ERROR] [687444] NPU out of memory. Tried to allocate 1.00 GiB (NPU 0; 60.96 GiB total capacity; 57.32 GiB already allocated; 57.32 GiB current active; 256.42 MiB free; 59.91 GiB reserved in total by PyTorch).If reserved memory is >> allocated memory try setting max_split_size_mb to avoid fragmentation.
[687444] [2026-08-13 04:30:33:978] torch_npu.memory: [ERROR] [687444] NPU out of memory. Tried to allocate 2.00 GiB (NPU 0; 60.96 GiB total capacity; 55.87 GiB already allocated; 55.87 GiB current active; 1.42 GiB free; 58.52 GiB reserved in total by PyTorch).If reserved memory is >> allocated memory try setting max_split_size_mb to avoid fragmentation.
[687444] [2026-08-13 04:32:29:124] torch_npu.memory: [ERROR] [687444] NPU out of memory. Tried to allocate 2.00 GiB (NPU 0; 60.96 GiB total capacity; 56.82 GiB already allocated; 56.82 GiB current active; 1.42 GiB free; 58.52 GiB reserved in total by PyTorch).If reserved memory is >> allocated memory try setting max_split_size_mb to avoid fragmentation.
[687444] [2026-08-13 04:36:05:009] torch_npu.memory: [ERROR] [687444] NPU out of memory. Tried to allocate 2.00 GiB (NPU 0; 60.96 GiB total capacity; 57.37 GiB already allocated; 57.37 GiB current active; 193.62 MiB free; 59.88 GiB reserved in total by PyTorch).If reserved memory is >> allocated memory try setting max_split_size_mb to avoid fragmentation.
[687444] [2026-08-13 04:37:46:210] torch_npu.memory: [ERROR] [687444] NPU out of memory. Tried to allocate 2.00 GiB (NPU 0; 60.96 GiB total capacity; 58.32 GiB already allocated; 58.32 GiB current active; 193.05 MiB free; 59.88 GiB reserved in total by PyTorch).If reserved memory is >> allocated memory try setting max_split_size_mb to avoid fragmentation.
[687444] [2026-08-13 04:42:41:246] torch_npu.memory: [ERROR] [687444] NPU out of memory. Tried to allocate 514.00 MiB (NPU 0; 60.96 GiB total capacity; 58.87 GiB already allocated; 58.87 GiB current active; 140.33 MiB free; 59.98 GiB reserved in total by PyTorch).If reserved memory is >> allocated memory try setting max_split_size_mb to avoid fragmentation.
[687444] [2026-08-13 04:44:07:424] torch_npu.memory: [ERROR] [687444] NPU out of memory. Tried to allocate 514.00 MiB (NPU 0; 60.96 GiB total capacity; 58.82 GiB already allocated; 58.82 GiB current active; 382.69 MiB free; 59.74 GiB reserved in total by PyTorch).If reserved memory is >> allocated memory try setting max_split_size_mb to avoid fragmentation.
[687444] [2026-08-13 04:48:58:875] torch_npu.memory: [ERROR] [687444] NPU out of memory. Tried to allocate 2.00 GiB (NPU 0; 60.96 GiB total capacity; 56.37 GiB already allocated; 56.37 GiB current active; 875.12 MiB free; 58.97 GiB reserved in total by PyTorch).If reserved memory is >> allocated memory try setting max_split_size_mb to avoid fragmentation.
[687444] [2026-08-13 04:51:12:613] torch_npu.memory: [ERROR] [687444] NPU out of memory. Tried to allocate 2.00 GiB (NPU 0; 60.96 GiB total capacity; 57.32 GiB already allocated; 57.32 GiB current active; 875.18 MiB free; 58.97 GiB reserved in total by PyTorch).If reserved memory is >> allocated memory try setting max_split_size_mb to avoid fragmentation.
[687444] [2026-08-13 04:54:57:996] torch_npu.memory: [ERROR] [687444] NPU out of memory. Tried to allocate 2.00 GiB (NPU 0; 60.96 GiB total capacity; 56.37 GiB already allocated; 56.37 GiB current active; 1.24 GiB free; 58.91 GiB reserved in total by PyTorch).If reserved memory is >> allocated memory try setting max_split_size_mb to avoid fragmentation.
[687444] [2026-08-13 04:56:34:219] torch_npu.memory: [ERROR] [687444] NPU out of memory. Tried to allocate 2.00 GiB (NPU 0; 60.96 GiB total capacity; 57.32 GiB already allocated; 57.32 GiB current active; 1.24 GiB free; 58.91 GiB reserved in total by PyTorch).If reserved memory is >> allocated memory try setting max_split_size_mb to avoid fragmentation.
[687444] [2026-08-13 05:00:52:946] torch_npu.memory: [ERROR] [687444] NPU out of memory. Tried to allocate 2.00 GiB (NPU 0; 60.96 GiB total capacity; 56.37 GiB already allocated; 56.37 GiB current active; 1.24 GiB free; 58.91 GiB reserved in total by PyTorch).If reserved memory is >> allocated memory try setting max_split_size_mb to avoid fragmentation.
================================================================================================
E4 DECODE SWEEP   profile=full  device=npu:0  dtype=torch.bfloat16
arms=['etd', 'dense']  k=[1, 2, 3, 4, 5, 8]  B=[1, 2, 4, 8, 16, 32]  S=[1024, 4096, 16384]  G=128  warmup=16
affinity: {'supported': True, 'pinned': True, 'n_cpus': 48, 'total_cpus': 192, 'range': '0-47'}
================================================================================================
  [canary start] 0.219 ms

etd    k=2  D= 20  weights 2.77 GB
       S    B  lat ms/tok      tok/s   peak GB    KV GB   KV pred
    1024    1       60.96       16.4      3.20     0.18     1.000
    1024    2       61.10       32.7      3.60     0.36     1.000
    1024    4       61.05       65.5      4.39     0.71     1.000
    1024    8       73.77      108.4      5.98     1.43     1.000
    1024   16      128.45      124.6      9.15     2.85     1.000
    1024   32      142.14      225.1     15.49     5.70     1.000
    4096    1       77.81       12.9      4.31     0.65     1.000
    4096    2       78.22       25.6      5.75     1.29     1.000
    4096    4       78.40       51.0      8.62     2.59     1.000
    4096    8      133.71       59.8     14.38     5.18     1.000
    4096   16      261.58       61.2     25.90    10.35     1.000
    4096   32   OOM -- frontier for this (arm, k, S)
   16384    1       81.55       12.3      9.43     2.52     1.000
   16384    2      137.96       14.5     15.04     5.04     1.000
   16384    4      261.09       15.3     26.26    10.09     1.000
   16384    8   OOM -- frontier for this (arm, k, S)

dense  k=4  D= 28  weights 4.27 GB
       S    B  lat ms/tok      tok/s   peak GB    KV GB   KV pred
    1024    1       82.44       12.1      4.84     0.25     1.000
    1024    2       83.14       24.1      5.38     0.50     1.000
    1024    4       84.35       47.4      6.46     1.00     1.000
    1024    8      103.21       77.5      8.62     2.00     1.000
    1024   16      174.35       91.8     12.93     3.99     1.000
    1024   32      199.08      160.7     21.56     7.98     1.000
    4096    1      112.78        8.9      6.34     0.91     1.000
    4096    2      114.24       17.5      8.28     1.81     1.000
    4096    4      112.55       35.5     12.19     3.62     1.000
    4096    8      187.10       42.8     20.02     7.25     1.000
    4096   16      366.20       43.7     35.68    14.49     1.000
    4096   32   OOM -- frontier for this (arm, k, S)
   16384    1      112.50        8.9     12.94     3.53     1.000
   16384    2      193.13       10.4     20.57     7.06     1.000
   16384    4      365.43       10.9     35.83    14.12     1.000
   16384    8   OOM -- frontier for this (arm, k, S)

dense  k=3  D= 24  weights 3.77 GB
       S    B  lat ms/tok      tok/s   peak GB    KV GB   KV pred
    1024    1       68.95       14.5      4.27     0.21     1.000
    1024    2       69.70       28.7      4.74     0.43     1.000
    1024    4       69.30       57.7      5.67     0.86     1.000
    1024    8       87.78       91.1      7.55     1.71     1.000
    1024   16      148.39      107.8     11.29     3.42     1.000
    1024   32      170.60      187.6     18.78     6.84     1.000
    4096    1       96.98       10.3      5.58     0.78     1.000
    4096    2       94.87       21.1      7.26     1.55     1.000
    4096    4       95.38       41.9     10.66     3.11     1.000
    4096    8      160.62       49.8     17.45     6.21     1.000
    4096   16      313.91       51.0     31.04    12.42     1.000
    4096   32   OOM -- frontier for this (arm, k, S)
   16384    1       96.24       10.4     11.44     3.03     1.000
   16384    2      165.63       12.1     18.06     6.05     1.000
   16384    4      313.29       12.8     31.30    12.11     1.000
   16384    8   OOM -- frontier for this (arm, k, S)

etd    k=8  D= 44  weights 2.77 GB
       S    B  lat ms/tok      tok/s   peak GB    KV GB   KV pred
    1024    1      127.46        7.8      3.63     0.39     1.000
    1024    2      127.45       15.7      4.45     0.78     1.000
    1024    4      130.42       30.7      6.10     1.57     1.000
    1024    8      160.90       49.7      9.40     3.14     1.000
    1024   16      269.09       59.5     15.99     6.27     1.000
    1024   32      312.42      102.4     29.18    12.55     1.000
    4096    1      173.65        5.8      5.89     1.42     1.000
    4096    2      178.28       11.2      8.85     2.85     1.000
    4096    4      176.14       22.7     14.83     5.69     1.000
    4096    8      294.24       27.2     26.80    11.39     1.000
    4096   16   OOM -- frontier for this (arm, k, S)
   16384    1      173.31        5.8     15.49     5.55     1.000
   16384    2      303.22        6.6     27.14    11.10     1.000
   16384    4   OOM -- frontier for this (arm, k, S)

dense  k=5  D= 32  weights 4.77 GB
       S    B  lat ms/tok      tok/s   peak GB    KV GB   KV pred
    1024    1       94.85       10.5      5.42     0.29     1.000
    1024    2       95.25       21.0      6.03     0.57     1.000
    1024    4       96.67       41.4      7.24     1.14     1.000
    1024    8      117.23       68.2      9.69     2.28     1.000
    1024   16      196.50       81.4     14.57     4.56     1.000
    1024   32      227.57      140.6     24.34     9.12     1.000
    4096    1      125.90        7.9      7.10     1.04     1.000
    4096    2      125.35       16.0      9.30     2.07     1.000
    4096    4      126.56       31.6     13.73     4.14     1.000
    4096    8      214.05       37.4     22.59     8.28     1.000
    4096   16      418.68       38.2     40.32    16.56     1.000
    4096   32   OOM -- frontier for this (arm, k, S)
   16384    1      126.18        7.9     14.45     4.04     1.000
   16384    2      220.56        9.1     23.09     8.07     1.000
   16384    4      417.66        9.6     40.37    16.14     1.000
   16384    8   OOM -- frontier for this (arm, k, S)

etd    k=3  D= 24  weights 2.77 GB
       S    B  lat ms/tok      tok/s   peak GB    KV GB   KV pred
    1024    1       70.89       14.1      3.27     0.21     1.000
    1024    2       72.74       27.5      3.74     0.43     1.000
    1024    4       71.39       56.0      4.67     0.86     1.000
    1024    8       89.44       89.4      6.55     1.71     1.000
    1024   16      151.09      105.9     10.29     3.42     1.000
    1024   32      170.79      187.4     17.77     6.84     1.000
    4096    1       97.34       10.3      4.58     0.78     1.000
    4096    2       97.04       20.6      6.26     1.55     1.000
    4096    4       97.06       41.2      9.66     3.11     1.000
    4096    8      160.67       49.8     16.45     6.21     1.000
    4096   16      313.95       51.0     30.04    12.42     1.000
    4096   32   OOM -- frontier for this (arm, k, S)
   16384    1       94.18       10.6     10.44     3.03     1.000
   16384    2      165.53       12.1     17.06     6.05     1.000
   16384    4      313.42       12.8     30.30    12.11     1.000
   16384    8   OOM -- frontier for this (arm, k, S)

etd    k=4  D= 28  weights 2.77 GB
       S    B  lat ms/tok      tok/s   peak GB    KV GB   KV pred
    1024    1       83.50       12.0      3.34     0.25     1.000
    1024    2       84.12       23.8      3.88     0.50     1.000
    1024    4       82.57       48.4      4.96     1.00     1.000
    1024    8      102.79       77.8      7.12     2.00     1.000
    1024   16      174.90       91.5     11.43     3.99     1.000
    1024   32      199.12      160.7     20.05     7.98     1.000
    4096    1      113.20        8.8      4.84     0.91     1.000
    4096    2      110.55       18.1      6.78     1.81     1.000
    4096    4      110.11       36.3     10.69     3.62     1.000
    4096    8      187.27       42.7     18.52     7.25     1.000
    4096   16      366.24       43.7     34.18    14.49     1.000
    4096   32   OOM -- frontier for this (arm, k, S)
   16384    1      108.71        9.2     11.44     3.53     1.000
   16384    2      193.04       10.4     19.07     7.06     1.000
   16384    4      365.40       10.9     34.33    14.12     1.000[687444] [2026-08-13 05:02:43:441] torch_npu.memory: [ERROR] [687444] NPU out of memory. Tried to allocate 2.00 GiB (NPU 0; 60.96 GiB total capacity; 57.32 GiB already allocated; 57.32 GiB current active; 1.24 GiB free; 58.91 GiB reserved in total by PyTorch).If reserved memory is >> allocated memory try setting max_split_size_mb to avoid fragmentation.
[687444] [2026-08-13 05:05:49:316] torch_npu.memory: [ERROR] [687444] NPU out of memory. Tried to allocate 1.00 GiB (NPU 0; 60.96 GiB total capacity; 58.38 GiB already allocated; 58.38 GiB current active; 219.50 MiB free; 59.87 GiB reserved in total by PyTorch).If reserved memory is >> allocated memory try setting max_split_size_mb to avoid fragmentation.
[687444] [2026-08-13 05:07:17:903] torch_npu.memory: [ERROR] [687444] NPU out of memory. Tried to allocate 1.00 GiB (NPU 0; 60.96 GiB total capacity; 57.32 GiB already allocated; 57.32 GiB current active; 220.82 MiB free; 59.87 GiB reserved in total by PyTorch).If reserved memory is >> allocated memory try setting max_split_size_mb to avoid fragmentation.
[687444] [2026-08-13 05:12:12:394] torch_npu.memory: [ERROR] [687444] NPU out of memory. Tried to allocate 2.00 GiB (NPU 0; 60.96 GiB total capacity; 56.37 GiB already allocated; 56.37 GiB current active; 1.18 GiB free; 58.91 GiB reserved in total by PyTorch).If reserved memory is >> allocated memory try setting max_split_size_mb to avoid fragmentation.
[687444] [2026-08-13 05:14:17:731] torch_npu.memory: [ERROR] [687444] NPU out of memory. Tried to allocate 2.00 GiB (NPU 0; 60.96 GiB total capacity; 57.32 GiB already allocated; 57.32 GiB current active; 1.18 GiB free; 58.91 GiB reserved in total by PyTorch).If reserved memory is >> allocated memory try setting max_split_size_mb to avoid fragmentation.
[687444] [2026-08-13 05:19:58:939] torch_npu.memory: [ERROR] [687444] NPU out of memory. Tried to allocate 4.00 GiB (NPU 0; 60.96 GiB total capacity; 54.82 GiB already allocated; 54.82 GiB current active; 786.81 MiB free; 59.40 GiB reserved in total by PyTorch).If reserved memory is >> allocated memory try setting max_split_size_mb to avoid fragmentation.
[687444] [2026-08-13 05:24:54:431] torch_npu.memory: [ERROR] [687444] NPU out of memory. Tried to allocate 514.00 MiB (NPU 0; 60.96 GiB total capacity; 58.37 GiB already allocated; 58.37 GiB current active; 10.93 MiB free; 59.64 GiB reserved in total by PyTorch).If reserved memory is >> allocated memory try setting max_split_size_mb to avoid fragmentation.
[687444] [2026-08-13 05:26:19:430] torch_npu.memory: [ERROR] [687444] NPU out of memory. Tried to allocate 514.00 MiB (NPU 0; 60.96 GiB total capacity; 58.07 GiB already allocated; 58.07 GiB current active; 248.42 MiB free; 59.41 GiB reserved in total by PyTorch).If reserved memory is >> allocated memory try setting max_split_size_mb to avoid fragmentation.
[687444] [2026-08-13 05:32:00:903] torch_npu.memory: [ERROR] [687444] NPU out of memory. Tried to allocate 4.00 GiB (NPU 0; 60.96 GiB total capacity; 54.82 GiB already allocated; 54.82 GiB current active; 786.88 MiB free; 59.40 GiB reserved in total by PyTorch).If reserved memory is >> allocated memory try setting max_split_size_mb to avoid fragmentation.

   16384    8   OOM -- frontier for this (arm, k, S)
  [canary middle] 0.213 ms

dense  k=2  D= 20  weights 3.27 GB
       S    B  lat ms/tok      tok/s   peak GB    KV GB   KV pred
    1024    1       60.34       16.6      3.70     0.18     1.000
    1024    2       59.85       33.4      4.10     0.36     1.000
    1024    4       60.46       66.2      4.89     0.71     1.000
    1024    8       75.34      106.2      6.48     1.43     1.000
    1024   16      126.64      126.3      9.65     2.85     1.000
    1024   32      142.38      224.8     15.99     5.70     1.000
    4096    1       79.61       12.6      4.82     0.65     1.000
    4096    2       80.80       24.8      6.24     1.29     1.000
    4096    4       81.71       49.0      9.12     2.59     1.000
    4096    8      133.91       59.7     14.88     5.18     1.000
    4096   16      261.84       61.1     26.40    10.35     1.000
    4096   32   OOM -- frontier for this (arm, k, S)
   16384    1       83.06       12.0      9.93     2.52     1.000
   16384    2      138.07       14.5     15.54     5.04     1.000
   16384    4      261.08       15.3     26.76    10.09     1.000
   16384    8   OOM -- frontier for this (arm, k, S)

etd    k=5  D= 32  weights 2.77 GB
       S    B  lat ms/tok      tok/s   peak GB    KV GB   KV pred
    1024    1       92.43       10.8      3.42     0.29     1.000
    1024    2       94.33       21.2      4.02     0.57     1.000
    1024    4       94.17       42.5      5.24     1.14     1.000
    1024    8      117.19       68.3      7.69     2.28     1.000
    1024   16      199.17       80.3     12.57     4.56     1.000
    1024   32      227.47      140.7     22.34     9.12     1.000
    4096    1      131.72        7.6      5.10     1.04     1.000
    4096    2      128.36       15.6      7.30     2.07     1.000
    4096    4      127.56       31.4     11.73     4.14     1.000
    4096    8      214.06       37.4     20.59     8.28     1.000
    4096   16      418.35       38.2     38.32    16.56     1.000
    4096   32   OOM -- frontier for this (arm, k, S)
   16384    1      129.26        7.7     12.45     4.04     1.000
   16384    2      220.54        9.1     21.09     8.07     1.000
   16384    4      417.45        9.6     38.37    16.14     1.000
   16384    8   OOM -- frontier for this (arm, k, S)

etd    k=1  D= 16  weights 2.77 GB
       S    B  lat ms/tok      tok/s   peak GB    KV GB   KV pred
    1024    1       47.32       21.1      3.13     0.14     1.000
    1024    2       47.56       42.1      3.45     0.29     1.000
    1024    4       48.21       83.0      4.10     0.57     1.000
    1024    8       59.46      134.5      5.41     1.14     1.000
    1024   16      101.51      157.6      8.01     2.28     1.000
    1024   32      114.06      280.6     13.21     4.56     1.000
    4096    1       63.92       15.6      4.05     0.52     1.000
    4096    2       66.78       29.9      5.23     1.04     1.000
    4096    4       65.37       61.2      7.59     2.07     1.000
    4096    8      107.21       74.6     12.31     4.14     1.000
    4096   16      209.50       76.4     21.76     8.28     1.000
    4096   32      413.38       77.4     40.65    16.56     1.000
   16384    1       64.17       15.6      8.42     2.02     1.000
   16384    2      110.37       18.1     13.02     4.04     1.000
   16384    4      209.02       19.1     22.23     8.07     1.000
   16384    8      417.82       19.1     40.64    16.14     1.000
   16384   16   OOM -- frontier for this (arm, k, S)

dense  k=8  D= 44  weights 6.27 GB
       S    B  lat ms/tok      tok/s   peak GB    KV GB   KV pred
    1024    1      132.37        7.6      7.13     0.39     1.000
    1024    2      131.50       15.2      7.95     0.78     1.000
    1024    4      132.12       30.3      9.60     1.57     1.000
    1024    8      165.93       48.2     12.90     3.14     1.000
    1024   16      275.65       58.0     19.49     6.27     1.000
    1024   32      312.64      102.4     32.68    12.55     1.000
    4096    1      175.32        5.7      9.39     1.42     1.000
    4096    2      176.80       11.3     12.35     2.85     1.000
    4096    4      176.48       22.7     18.33     5.69     1.000
    4096    8      294.10       27.2     30.30    11.39     1.000
    4096   16   OOM -- frontier for this (arm, k, S)
   16384    1      175.23        5.7     18.99     5.55     1.000
   16384    2      303.22        6.6     30.65    11.10     1.000
   16384    4   OOM -- frontier for this (arm, k, S)

dense  k=1  D= 16  weights 2.77 GB
       S    B  lat ms/tok      tok/s   peak GB    KV GB   KV pred
    1024    1       47.36       21.1      3.13     0.14     1.000
    1024    2       49.33       40.5      3.45     0.29     1.000
    1024    4       49.05       81.5      4.10     0.57     1.000
    1024    8       58.08      137.7      5.41     1.14     1.000
    1024   16       98.38      162.6      8.01     2.28     1.000
    1024   32      113.95      280.8     13.21     4.56     1.000
    4096    1       63.82       15.7      4.05     0.52     1.000
    4096    2       64.81       30.9      5.23     1.04     1.000
    4096    4       64.46       62.1      7.59     2.07     1.000
    4096    8      107.15       74.7     12.31     4.14     1.000
    4096   16      209.54       76.4     21.76     8.28     1.000
    4096   32      413.44       77.4     40.65    16.56     1.000
   16384    1       66.71       15.0      8.42     2.02     1.000
   16384    2      110.33       18.1     13.02     4.04     1.000
   16384    4      208.97       19.1     22.23     8.07     1.000
   16384    8      418.21       19.1     40.64    16.14     1.000
   16384   16   OOM -- frontier for this (arm, k, S)
  [canary end] 0.209 ms

================================================================================================
canary drift across the sweep: 5.1%
  WARNING: conditions changed while the sweep ran. Re-examine before trusting ratios.
points measured: 168/216   elapsed: 70.3 min
  raw: /home/n84449292/tiendat/projects/Loop_Transformer_project/Work/final_report/Q2/OLMo/q2_results/raw/e4_decode_full.jsonl
  csv: /home/n84449292/tiendat/projects/Loop_Transformer_project/Work/final_report/Q2/OLMo/q2_results/e4_decode_full.csv
